Linea 6: Variable no declarada

Numero de errores:      1
