  0 EASIG     i:  99  ,          ,  p:   1  
  1 EASIG     p:   1  ,          ,  p:   0  
  2 EASIG     p:   0  ,          ,  p:   3  
  3 EASIG     i:   5  ,          ,  p:   4  
  4 EASIG     i:   0  ,          ,  p:   5  
  5 EMENEQ    p:   3  ,  p:   4  ,  e:   7  
  6 EASIG     i:   1  ,          ,  p:   5  
  7 EASIG     p:   5  ,          ,  p:   2  
  8 FIN               ,          ,          
