Linea 3: Tipo incompatible
Linea 4: Tipo incompatible
Linea 4: Tipo incompatible
Linea 4: Tipo incompatible

Numero de errores:      4
