Linea 3: Variable no declarada
Linea 5: Variable no declarada

Numero de errores:      2
