Linea 3: Tipo incompatible
Linea 5: Tipo incompatible

Numero de errores:      2
