  0 EASIG     i: 199  ,          ,  p:   1  
  1 EASIG     p:   1  ,          ,  p:   0  
  2 EASIG     p:   0  ,          ,  p:   2  
  3 EWRITE            ,          ,  p:   2  
  4 FIN               ,          ,          
