Linea 12: Redeclaracion de variable
Linea 15: Tipo incompatible
Linea 16: Tipo incompatible
Linea 17: Tipo incompatible
Linea 18: Tipo incompatible
Linea 19: Tipo incompatible
Linea 20: Tipo incompatible
Linea 21: Tipo incompatible
Linea 22: Tipo incompatible

Numero de errores:      9
