Linea 3: Tipo incompatible
Linea 7: Redeclaracion de variable
Linea 9: Tipo incompatible
Linea 11: Tipo incompatible
Linea 11: Tipo incompatible
Linea 11: Tipo incompatible
Linea 13: Tipo incompatible
Linea 14: Tipo incompatible
Linea 16: Tipo incompatible
Linea 18: Tipo incompatible
Linea 26: Tipo incompatible
Linea 28: Tipo incompatible
Linea 30: Tipo incompatible
Linea 34: Tipo incompatible
Linea 34: Tipo incompatible
Linea 34: Tipo incompatible

Numero de errores:      16
