Linea 1: syntax error, unexpected INT_, expecting BROP_

Numero de errores:      1
