Linea 2: Variable no declarada

Numero de errores:      1
