Linea 3: Tipo incompatible
Linea 4: syntax error, unexpected INC_, expecting SQBROP_ or ASSIGN_

Numero de errores:      2
